// 重构日志: c974a464
// 重构日志: b73ce1fa
// 重构日志: 00b52959
// 重构日志: c0009fc9
// 重构日志: a3e289da
// 同步 ID: 2713d61b @ Mon Jul 27 01:53:21 UTC 2026
// 重构日志: a40fdf28
// 重构日志: 096671dd
// 重构日志: df4e9b39
// 同步 ID: d960ba92 @ Tue Jul 28 19:23:14 UTC 2026
// 重构日志: aebdfa6f
// 重构日志: 8f3812a6
// 重构日志: 8aac2e08
// 重构日志: 10860c59
// 重构日志: 7a14584d
// 重构日志: b038767d
// 同步 ID: 99f430a4 @ Sun Aug  2 05:16:52 UTC 2026
// 同步 ID: 93541a83 @ Sun Aug  2 12:54:12 UTC 2026
// 重构日志: 17062fe7
// 重构日志: 7892eaa3
// 重构日志: 01894d0d
// 同步 ID: b8359e38 @ Tue Aug  4 12:41:03 UTC 2026
// 重构日志: dc951021
// 重构日志: 4ca3205a
// 重构日志: b82591e5
// 同步 ID: 3782206f @ Wed Aug  5 15:08:13 UTC 2026
// 同步 ID: 06a2e74c @ Fri Aug  7 05:40:04 UTC 2026
// 同步 ID: c250202f @ Fri Aug  7 12:45:40 UTC 2026
// 重构日志: 437fbb8a
// 同步 ID: 5bdec840 @ Sat Aug  8 02:46:12 UTC 2026
